
#############################
# Dump for function main #
#############################
# # Entry dump #
#	# top_id #,	# size(byte) #,	# type(MSB -- LSB) #,			# variable name #
#	8,		4,		00000000000000000000000000000000,	FUNC RETURN,
#	4,		4,		00000000000000000000000000000000,	,
#	0,		0,		00000000000000000000000000000000,	,

# # TGenReg dump #
#	# regName #,	# StackID #,	# type(MSB -- LSB) #
#	$t0,		8,		10000000000000000000000000000000,
#	$t1,		0,		00000000000000000000000000000000,
#	$t2,		0,		00000000000000000000000000000000,
#	$t3,		0,		00000000000000000000000000000000,
#	$t4,		0,		00000000000000000000000000000000,
#	$t5,		0,		00000000000000000000000000000000,
#	$t6,		0,		00000000000000000000000000000000,
#	$t7,		0,		00000000000000000000000000000000,

# instruction dump #
li $t0,0 #imm id _4_
# assign _4_ to _8_ in reg $t0
move $2,$t0
b EXIT_main
sw $t0,_8_($sp) #write back id 8

